cargo :  Downloading crates ...
所在位置 行:1 字符: 1
+ cargo test --test checkpoint_tests -- --nocapture 2>&1 | Tee-Object - ...
+ ~~~~~~~~~~~~~~~~~~~~~~~~~~~~~~~~~~~~~~~~~~~~~~~~~~~~~~
    + CategoryInfo          : NotSpecified: ( Downloading crates ...:String) [], RemoteException
    + FullyQualifiedErrorId : NativeCommandError
 
  Downloaded wgpu v0.19.4
  Downloaded regex v1.12.3
  Downloaded syn v1.0.109
  Downloaded wgpu-core v0.19.4
  Downloaded unicode-width v0.1.14
  Downloaded wgpu-hal v0.19.5
  Downloaded zerocopy v0.8.48
  Downloaded syn v2.0.117
  Downloaded regex-syntax v0.8.10
  Downloaded ash v0.37.3+1.3.251
  Downloaded naga v0.19.2
  Downloaded khronos_api v3.1.0
  Downloaded regex-automata v0.4.14
  Downloaded jpeg-decoder v0.3.2
  Downloaded libc v0.2.186
  Downloaded windows_x86_64_msvc v0.52.6
  Downloaded winapi v0.3.9
  Downloaded tiff v0.9.1
  Downloaded windows-sys v0.61.2
  Downloaded image v0.24.9
  Downloaded windows v0.52.0
   Compiling proc-macro2 v1.0.106
   Compiling quote v1.0.45
   Compiling unicode-ident v1.0.24
   Compiling cfg-if v1.0.4
   Compiling windows-link v0.2.1
   Compiling zerocopy v0.8.48
   Compiling syn v1.0.109
   Compiling bitflags v2.11.1
   Compiling smallvec v1.15.1
   Compiling siphasher v1.0.3
   Compiling winapi v0.3.9
   Compiling crossbeam-utils v0.8.21
   Compiling khronos_api v3.1.0
   Compiling windows_x86_64_msvc v0.52.6
   Compiling siphasher v0.3.11
   Compiling parking_lot_core v0.9.12
   Compiling cfg_aliases v0.1.1
   Compiling thiserror v1.0.69
   Compiling log v0.4.29
   Compiling version_check v0.9.5
   Compiling scopeguard v1.2.0
   Compiling simd-adler32 v0.3.9
   Compiling autocfg v1.5.0
   Compiling getrandom v0.2.17
   Compiling windows-sys v0.61.2
   Compiling xml-rs v0.8.28
   Compiling lock_api v0.4.14
   Compiling rand_core v0.6.4
   Compiling phf_shared v0.11.3
   Compiling rayon-core v1.13.0
   Compiling phf_shared v0.10.0
   Compiling libloading v0.8.9
   Compiling crc32fast v1.5.0
   Compiling libc v0.2.186
   Compiling serde_core v1.0.228
   Compiling ahash v0.8.12
   Compiling once_cell v1.21.4
   Compiling adler2 v2.0.1
   Compiling hashbrown v0.17.1
   Compiling unicode-width v0.1.14
   Compiling num-traits v0.2.19
   Compiling bit-vec v0.6.3
   Compiling winapi-util v0.1.11
   Compiling allocator-api2 v0.2.21
   Compiling serde v1.0.228
   Compiling miniz_oxide v0.8.9
   Compiling khronos-egl v6.0.0
   Compiling new_debug_unreachable v1.0.6
   Compiling equivalent v1.0.2
   Compiling ash v0.37.3+1.3.251
   Compiling wgpu-hal v0.19.5
   Compiling spirv v0.3.0+sdk-1.3.268.0
   Compiling gpu-alloc-types v0.3.0
   Compiling bit-set v0.5.3
   Compiling parking_lot v0.12.5
   Compiling termcolor v1.4.1
   Compiling gpu-descriptor-types v0.1.2
   Compiling either v1.15.0
   Compiling windows-targets v0.52.6
   Compiling indexmap v2.14.0
   Compiling widestring v1.2.1
   Compiling gl_generator v0.14.0
   Compiling presser v0.3.1
   Compiling unicode-xid v0.2.6
   Compiling crossbeam-epoch v0.9.18
   Compiling memchr v2.8.0
   Compiling rustc-hash v1.1.0
   Compiling mac v0.1.1
   Compiling codespan-reporting v0.11.1
   Compiling hexf-parse v0.2.1
   Compiling flate2 v1.1.9
   Compiling gpu-alloc v0.6.0
   Compiling windows-core v0.52.0
   Compiling wgpu-core v0.19.4
   Compiling glutin_wgl_sys v0.5.0
   Compiling wgpu-types v0.19.2
   Compiling arrayvec v0.7.6
   Compiling glow v0.13.1
   Compiling futf v0.1.5
   Compiling profiling v1.0.18
   Compiling raw-window-handle v0.6.2
   Compiling renderdoc-sys v1.1.0
   Compiling regex-syntax v0.8.10
   Compiling syn v2.0.117
   Compiling ppv-lite86 v0.2.21
   Compiling crossbeam-deque v0.8.6
   Compiling libloading v0.7.4
   Compiling aho-corasick v1.1.4
   Compiling d3d12 v0.19.0
   Compiling weezl v0.1.12
   Compiling range-alloc v0.1.5
   Compiling utf-8 v0.7.6
   Compiling precomputed-hash v0.1.1
   Compiling phf v0.10.1
   Compiling fdeflate v0.3.7
   Compiling tendril v0.4.3
   Compiling zune-inflate v0.2.54
   Compiling wgpu v0.19.4
   Compiling bitflags v1.3.2
   Compiling dtoa v1.0.11
   Compiling color_quant v1.1.0
   Compiling lebe v0.5.3
   Compiling bit_field v0.10.3
   Compiling rand_chacha v0.3.1
   Compiling dtoa-short v0.3.5
   Compiling png v0.17.16
   Compiling is-terminal v0.4.17
   Compiling humantime v2.3.0
   Compiling byteorder v1.5.0
   Compiling itoa v1.0.18
   Compiling windows v0.52.0
   Compiling rayon v1.12.0
   Compiling gif v0.13.3
   Compiling static_assertions v1.1.0
   Compiling pollster v0.3.0
   Compiling rand v0.8.6
   Compiling regex-automata v0.4.14
   Compiling phf_generator v0.11.3
   Compiling phf_generator v0.10.0
   Compiling phf_codegen v0.10.0
   Compiling string_cache_codegen v0.5.4
   Compiling jpeg-decoder v0.3.2
   Compiling markup5ever v0.11.0
   Compiling zerocopy-derive v0.8.48
   Compiling thiserror-impl v1.0.69
   Compiling serde_derive v1.0.228
   Compiling bytemuck_derive v1.10.2
   Compiling phf_macros v0.11.3
   Compiling cssparser-macros v0.6.1
   Compiling com_macros_support v0.6.0
   Compiling tiff v0.9.1
   Compiling phf v0.11.3
   Compiling html5ever v0.26.0
   Compiling cssparser v0.30.0
   Compiling regex v1.12.3
   Compiling com_macros v0.6.0
   Compiling bytemuck v1.25.0
   Compiling com v0.6.0
   Compiling env_logger v0.10.2
   Compiling naga v0.19.2
   Compiling qoi v0.4.1
   Compiling gpu-allocator v0.25.0
   Compiling hassle-rs v0.11.0
   Compiling string_cache v0.8.9
   Compiling half v2.7.1
   Compiling hashbrown v0.14.5
   Compiling exr v1.74.0
   Compiling gpu-descriptor v0.2.4
   Compiling image v0.24.9
   Compiling webgpu-web-renderer v0.1.0 (E:\Administrator\Documents\comate\webgpu-web-renderer)
warning: unused import: `Color`
 --> src\engine.rs:1:62
  |
1 | use crate::bridge::{WebNativeBridge, LayoutRect, LayoutNode, Color};
  |                                                              ^^^^^
  |
  = note: `#[warn(unused_imports)]` (part of `#[warn(unused)]`) on by default

warning: unused import: `DomNode`
 --> src\engine.rs:2:33
  |
2 | use crate::dom::tree::{DomTree, DomNode};
  |                                 ^^^^^^^

warning: unused import: `std::collections::HashMap`
 --> src\engine.rs:7:5
  |
7 | use std::collections::HashMap;
  |     ^^^^^^^^^^^^^^^^^^^^^^^^^

warning: unused import: `std::collections::HashMap`
 --> src\css\parser.rs:1:5
  |
1 | use std::collections::HashMap;
  |     ^^^^^^^^^^^^^^^^^^^^^^^^^

warning: unused import: `Declaration`
 --> src\css\matcher.rs:1:49
  |
1 | use crate::css::parser::{StyleRule, StyleSheet, Declaration, Selector};
  |                                                 ^^^^^^^^^^^

warning: unused import: `std::collections::HashMap`
 --> src\layout\converter.rs:4:5
  |
4 | use std::collections::HashMap;
  |     ^^^^^^^^^^^^^^^^^^^^^^^^^

warning: unused import: `RenderPipeline as WgpuRenderPipeline`
 --> src\renderer\pipeline.rs:2:20
  |
2 | use wgpu::{Device, RenderPipeline as WgpuRenderPipeline, TextureView};
  |                    ^^^^^^^^^^^^^^^^^^^^^^^^^^^^^^^^^^^^

warning: unused variable: `selector`
   --> src\engine.rs:171:24
    |
171 |     fn get_rect(&self, selector: &str) -> Option<LayoutRect> {
    |                        ^^^^^^^^ help: if this is intentional, prefix it with an underscore: `_selector`
    |
    = note: `#[warn(unused_variables)]` (part of `#[warn(unused)]`) on by default

warning: unused variable: `layout_items`
   --> src\renderer\pipeline.rs:204:9
    |
204 |         layout_items: &[LayoutItem],
    |         ^^^^^^^^^^^^ help: if this is intentional, prefix it with an underscore: `_layout_items`

warning: unused variable: `layout_env`
   --> src\renderer\pipeline.rs:205:9
    |
205 |         layout_env: &LayoutEnv,
    |         ^^^^^^^^^^ help: if this is intentional, prefix it with an underscore: `_layout_env`

warning: method `rgba_to_png` is never used
  --> src\engine.rs:57:8
   |
19 | impl Engine {
   | ----------- method in this implementation
...
57 |     fn rgba_to_png(&self, rgba_data: Vec<u8>, width: u32, height: u32) -> Vec<u8> {
   |        ^^^^^^^^^^^
   |
   = note: `#[warn(dead_code)]` (part of `#[warn(unused)]`) on by default

warning: method `peek_string` is never used
   --> src\dom\parser.rs:314:8
    |
 10 | impl<'a> HtmlParser<'a> {
    | ----------------------- method in this implementation
...
314 |     fn peek_string(&mut self, s: &str) -> bool {
    |        ^^^^^^^^^^^

warning: field `layout_env` is never read
 --> src\layout\converter.rs:8:5
  |
6 | pub struct LayoutConverter {
  |            --------------- field in this struct
7 |     style_matcher: StyleMatcher,
8 |     layout_env: LayoutEnv,
  |     ^^^^^^^^^^

warning: field `vertex_buffer` is never read
  --> src\renderer\pipeline.rs:27:5
   |
24 | pub struct RenderPipeline {
   |            -------------- field in this struct
...
27 |     vertex_buffer: Option<wgpu::Buffer>,
   |     ^^^^^^^^^^^^^

warning: `webgpu-web-renderer` (lib) generated 14 warnings (run `cargo fix --lib -p webgpu-web-renderer` to apply 10 su
ggestions)
    Finished `test` profile [unoptimized + debuginfo] target(s) in 14m 02s
     Running tests\checkpoint_tests.rs (target\debug\deps\checkpoint_tests-733c8bffaae0d497.exe)

running 11 tests
馃攳 妫€鏌ョ偣 10: 绔埌绔満鏅祴璇?  馃摑 鍦烘櫙 1: 鍗氬鏂囩珷娓叉煋
馃攳 妫€鏌ョ偣 4: 鏍峰紡搴旂敤鍜岃绠?馃攳 妫€鏌ョ偣 3: DOM 鏍戠粨鏋勯獙璇?馃攳 妫€鏌ョ偣 9: 鎬ц兘鍜岀ǔ瀹氭€ч獙璇?鉁?鍔ㄦ€佹牱寮忎慨鏀规垚鍔?馃攳 妫€鏌ョ偣 5: 鏌ヨ鍔熻兘楠岃瘉
    鉁?鍗氬鏂囩珷娓叉煋鎴愬姛: 16 鑺傜偣, 2 灏忚妭
  馃洅 鍦烘櫙 2: 鐢靛晢浜у搧椤甸潰
鉁?DOM 鑺傜偣鏁伴噺姝ｇ‘: 12
馃攳 妫€鏌ョ偣 6: 灞炴€ф搷浣滈獙璇?馃攳 妫€鏌ョ偣 7: 浜や簰绯荤粺楠岃瘉
鉁?ID 鏌ヨ鍔熻兘姝ｅ父
鉁?鐐瑰嚮鐩爣鍏冪礌鍙闂?鉁?绫诲悕鏌ヨ鍔熻兘姝ｅ父
鉁?ID 閫夋嫨鍣ㄦ牱寮忎慨鏀规垚鍔?馃攳 妫€鏌ョ偣 1: HTML 杈撳叆楠岃瘉
鉁?灞炴€ц鍙栧姛鑳芥甯?鉁?灞炴€ц缃姛鑳芥甯?鉁?绠€鍗?HTML 瑙ｆ瀽姝ｇ‘
鉁?鍐呰仈鏍峰紡璁剧疆鎴愬姛
鉁?妫€鏌ョ偣 4 閫氳繃: 鏍峰紡搴旂敤鍜岃绠?
鉁?甯﹀睘鎬х殑 HTML 瑙ｆ瀽姝ｇ‘
鉁?琛ㄥ崟鍏冪礌鍙瘑鍒?鉁?鐐瑰嚮娴嬭瘯鍔熻兘鍙皟鐢? None
鉁?鏍囩鏌ヨ鍔熻兘姝ｅ父
    鉁?鐢靛晢椤甸潰娓叉煋鎴愬姛: 2 鎸夐挳, 3 瑙勬牸椤?馃攳 妫€鏌ョ偣 2: CSS 杈撳叆楠岃瘉
鉁?灞炴€т慨鏀瑰姛鑳芥甯?馃攳 妫€鏌ョ偣 8: 鏁版嵁娴侀泦鎴愭祴璇?鉁?宓屽缁撴瀯瑙ｆ瀽姝ｇ‘
鉁?妫€鏌ョ偣 1 閫氳繃: HTML 杈撳叆楠岃瘉

鉁?瑙嗗彛璇诲彇鍔熻兘姝ｅ父
鉁?瑙嗗彛璁剧疆鍔熻兘姝ｅ父
鉁?妫€鏌ョ偣 7 閫氳繃: 浜や簰绯荤粺楠岃瘉

  馃搳 鍦烘櫙 3: 浠〃鏉跨晫闈?鉁?DOM 灞傜骇缁撴瀯姝ｇ‘锛宧eader 鐖惰妭鐐?ID: Some(2)
馃殌 寮€濮嬭繍琛屾墍鏈夋鏌ョ偣娴嬭瘯

鈺愨晲鈺愨晲鈺愨晲鈺愨晲鈺愨晲鈺愨晲鈺愨晲鈺愨晲鈺愨晲鈺愨晲鈺愨晲鈺愨晲鈺愨晲鈺愨晲鈺愨晲鈺愨晲鈺愨晲鈺愨晲鈺愨晲鈺愨晲鈺愨晲鈺愨晲鈺愨晲鈺愨晲鈺愨晲鈺愨晲鈺愨晲鈺愨晲鈺?WebGPU 娓叉煋寮曟搸 - 鏁版嵁娴佹鏌ョ偣娴嬭瘯濂椾欢
鈺愨晲鈺愨晲鈺愨晲鈺愨晲鈺愨晲鈺愨晲鈺愨晲鈺愨晲鈺愨晲鈺愨晲鈺愨晲鈺愨晲鈺愨晲鈺愨晲鈺愨晲鈺愨晲鈺愨晲鈺愨晲鈺愨晲鈺愨晲鈺愨晲鈺愨晲鈺愨晲鈺愨晲鈺愨晲鈺愨晲鈺愨晲鈺愨晲鈺愨晲鈺?
馃攳 妫€鏌ョ偣 1: HTML 杈撳叆楠岃瘉
鉁?DOM 鍏勫紵鑺傜偣鍏崇郴姝ｇ‘锛屾壘鍒?2 涓摼鎺?鉁?妫€鏌ョ偣 3 閫氳繃: DOM 鏍戠粨鏋勯獙璇?
test checkpoint_4_style_application ...   鉁?HTML 瑙ｆ瀽瀹屾垚锛岃€楁椂: 144.4碌s
  鉁?DOM 鑺傜偣鏁伴噺: 19
鉁?缁勫悎鏌ヨ鍔熻兘姝ｅ父
鉁?鍩虹 CSS 瑙勫垯搴旂敤鎴愬姛
ok
鉁?澶氬睘鎬ф搷浣滃姛鑳芥甯?鉁?妫€鏌ョ偣 6 閫氳繃: 灞炴€ф搷浣滈獙璇?
鉁?绠€鍗?HTML 瑙ｆ瀽姝ｇ‘
鉁?鏌ヨ鎬ц兘: 10 涓厓绱狅紝鑰楁椂 5碌s
鉁?妫€鏌ョ偣 5 閫氳繃: 鏌ヨ鍔熻兘楠岃瘉

鉁?澶嶆潅閫夋嫨鍣ㄥ鐞嗘垚鍔?    鉁?浠〃鏉挎覆鏌撴垚鍔? 4 缁熻鍗＄墖, 2 鍥捐〃鍗＄墖
鉁?妫€鏌ョ偣 10 閫氳繃: 绔埌绔満鏅祴璇?
  鉁?CSS 鏍峰紡搴旂敤瀹屾垚锛岃€楁椂: 132.9碌s
test checkpoint_1_html_input_validation ... ok
test checkpoint_7_interaction_system ... 鉁?鏍峰紡浼樺厛绾у鐞嗘垚鍔?鉁?妫€鏌ョ偣 2 閫氳繃: CSS 杈撳叆楠岃瘉

ok
test checkpoint_3_dom_tree_structure ... ok
鉁?甯﹀睘鎬х殑 HTML 瑙ｆ瀽姝ｇ‘
  鉁?鍔ㄦ€佹牱寮忎慨鏀瑰畬鎴?  鉁?灞炴€ц缃畬鎴?  鉁?瀵艰埅閾炬帴鏌ヨ: 3 涓?test checkpoint_6_attribute_operations ...   鉁?鐗规€у崱鐗囨煡璇? 2 涓?ok
鉁?宓屽缁撴瀯瑙ｆ瀽姝ｇ‘
鉁?妫€鏌ョ偣 1 閫氳繃: HTML 杈撳叆楠岃瘉

test checkpoint_5_query_functionality ... ok
馃攳 妫€鏌ョ偣 2: CSS 杈撳叆楠岃瘉
test checkpoint_2_css_input_validation ... ok
test checkpoint_10_end_to_end_scenarios ... ok
鉁?鍩虹 CSS 瑙勫垯搴旂敤鎴愬姛
鉁?澶嶆潅閫夋嫨鍣ㄥ鐞嗘垚鍔?鉁?鏍峰紡浼樺厛绾у鐞嗘垚鍔?鉁?妫€鏌ョ偣 2 閫氳繃: CSS 杈撳叆楠岃瘉

馃攳 妫€鏌ョ偣 3: DOM 鏍戠粨鏋勯獙璇?鉁?DOM 鑺傜偣鏁伴噺姝ｇ‘: 12
鉁?DOM 灞傜骇缁撴瀯姝ｇ‘锛宧eader 鐖惰妭鐐?ID: Some(2)
鉁?DOM 鍏勫紵鑺傜偣鍏崇郴姝ｇ‘锛屾壘鍒?2 涓摼鎺?鉁?妫€鏌ョ偣 3 閫氳繃: DOM 鏍戠粨鏋勯獙璇?
馃攳 妫€鏌ョ偣 4: 鏍峰紡搴旂敤鍜岃绠?鉁?鍔ㄦ€佹牱寮忎慨鏀规垚鍔?鉁?ID 閫夋嫨鍣ㄦ牱寮忎慨鏀规垚鍔?鉁?鍐呰仈鏍峰紡璁剧疆鎴愬姛
鉁?妫€鏌ョ偣 4 閫氳繃: 鏍峰紡搴旂敤鍜岃绠?
馃攳 妫€鏌ョ偣 5: 鏌ヨ鍔熻兘楠岃瘉
鉁?ID 鏌ヨ鍔熻兘姝ｅ父
鉁?绫诲悕鏌ヨ鍔熻兘姝ｅ父
鉁?鏍囩鏌ヨ鍔熻兘姝ｅ父
鉁?缁勫悎鏌ヨ鍔熻兘姝ｅ父
鉁?鏌ヨ鎬ц兘: 10 涓厓绱狅紝鑰楁椂 1.1碌s
鉁?妫€鏌ョ偣 5 閫氳繃: 鏌ヨ鍔熻兘楠岃瘉

馃攳 妫€鏌ョ偣 6: 灞炴€ф搷浣滈獙璇?鉁?灞炴€ц鍙栧姛鑳芥甯?鉁?灞炴€ц缃姛鑳芥甯?鉁?灞炴€т慨鏀瑰姛鑳芥甯?鉁?澶氬睘鎬ф搷浣滃姛鑳芥甯?鉁?妫€鏌ョ偣 6 閫氳繃: 灞炴€ф搷浣滈獙璇?
馃攳 妫€鏌ョ偣 7: 浜や簰绯荤粺楠岃瘉
鉁?鐐瑰嚮鐩爣鍏冪礌鍙闂?鉁?琛ㄥ崟鍏冪礌鍙瘑鍒?鉁?鐐瑰嚮娴嬭瘯鍔熻兘鍙皟鐢? None
鉁?瑙嗗彛璇诲彇鍔熻兘姝ｅ父
鉁?瑙嗗彛璁剧疆鍔熻兘姝ｅ父
鉁?妫€鏌ョ偣 7 閫氳繃: 浜や簰绯荤粺楠岃瘉

馃攳 妫€鏌ョ偣 8: 鏁版嵁娴侀泦鎴愭祴璇?  鉁?HTML 瑙ｆ瀽瀹屾垚锛岃€楁椂: 93.9碌s
  鉁?DOM 鑺傜偣鏁伴噺: 19
  鉁?CSS 鏍峰紡搴旂敤瀹屾垚锛岃€楁椂: 90.2碌s
  鉁?鍔ㄦ€佹牱寮忎慨鏀瑰畬鎴?  鉁?灞炴€ц缃畬鎴?  鉁?瀵艰埅閾炬帴鏌ヨ: 3 涓?  鉁?鐗规€у崱鐗囨煡璇? 2 涓?  鉁?澶ц妯¤В鏋? 1101 鑺傜偣锛岃€楁椂 3.8326ms
  鉁?CSS 搴旂敤鑰楁椂: 38.5碌s
  鉁?鎵归噺鏌ヨ: 50 涓尯鍧? 1000 涓钀斤紝鑰楁椂 40.8碌s
  鉁?鎵归噺鏍峰紡鎿嶄綔: 10 娆★紝鑰楁椂 4.9907ms
  鉁?绋冲畾鎬ф祴璇? 100 娆℃煡璇紝鎬昏€楁椂 49.7066ms锛屽钩鍧?497.066碌s
鉁?妫€鏌ョ偣 9 閫氳繃: 鎬ц兘鍜岀ǔ瀹氭€ч獙璇?
test checkpoint_9_performance_stability ... ok
  鉁?娓叉煋璋冪敤瀹屾垚: 3145728 瀛楄妭
  鉁?鎬诲鐞嗘椂闂? 184.1碌s
鉁?妫€鏌ョ偣 8 閫氳繃: 鏁版嵁娴侀泦鎴愭祴璇?
  鉁?娓叉煋璋冪敤瀹屾垚: 3145728 瀛楄妭
  鉁?鎬诲鐞嗘椂闂? 277.3碌s
鉁?妫€鏌ョ偣 8 閫氳繃: 鏁版嵁娴侀泦鎴愭祴璇?
馃攳 妫€鏌ョ偣 9: 鎬ц兘鍜岀ǔ瀹氭€ч獙璇?  鉁?澶ц妯¤В鏋? 1101 鑺傜偣锛岃€楁椂 3.7617ms
  鉁?CSS 搴旂敤鑰楁椂: 48.7碌s
  鉁?鎵归噺鏌ヨ: 50 涓尯鍧? 1000 涓钀斤紝鑰楁椂 39.1碌s
  鉁?鎵归噺鏍峰紡鎿嶄綔: 10 娆★紝鑰楁椂 5.4384ms
test checkpoint_8_dataflow_integration ... ok
  鉁?绋冲畾鎬ф祴璇? 100 娆℃煡璇紝鎬昏€楁椂 49.5904ms锛屽钩鍧?495.904碌s
鉁?妫€鏌ョ偣 9 閫氳繃: 鎬ц兘鍜岀ǔ瀹氭€ч獙璇?
馃攳 妫€鏌ョ偣 10: 绔埌绔満鏅祴璇?  馃摑 鍦烘櫙 1: 鍗氬鏂囩珷娓叉煋
    鉁?鍗氬鏂囩珷娓叉煋鎴愬姛: 16 鑺傜偣, 2 灏忚妭
  馃洅 鍦烘櫙 2: 鐢靛晢浜у搧椤甸潰
    鉁?鐢靛晢椤甸潰娓叉煋鎴愬姛: 2 鎸夐挳, 3 瑙勬牸椤?  馃搳 鍦烘櫙 3: 浠〃鏉跨晫闈?    鉁?浠〃鏉挎覆鏌撴垚鍔? 4 缁熻鍗＄墖, 2 鍥捐〃鍗＄墖
鉁?妫€鏌ョ偣 10 閫氳繃: 绔埌绔満鏅祴璇?
鈺愨晲鈺愨晲鈺愨晲鈺愨晲鈺愨晲鈺愨晲鈺愨晲鈺愨晲鈺愨晲鈺愨晲鈺愨晲鈺愨晲鈺愨晲鈺愨晲鈺愨晲鈺愨晲鈺愨晲鈺愨晲鈺愨晲鈺愨晲鈺愨晲鈺愨晲鈺愨晲鈺愨晲鈺愨晲鈺愨晲鈺愨晲鈺愨晲鈺愨晲鈺?馃帀 鎵€鏈夋鏌ョ偣娴嬭瘯瀹屾垚锛?鈺愨晲鈺愨晲鈺愨晲鈺愨晲鈺愨晲鈺愨晲鈺愨晲鈺愨晲鈺愨晲鈺愨晲鈺愨晲鈺愨晲鈺愨晲鈺愨晲鈺愨晲鈺愨晲鈺愨晲鈺愨晲鈺愨晲鈺愨晲鈺愨晲鈺愨晲鈺愨晲鈺愨晲鈺愨晲鈺愨晲鈺愨晲鈺愨晲鈺愨晲鈺?test run_all_checkpoints ... ok

test result: ok. 11 passed; 0 failed; 0 ignored; 0 measured; 0 filtered out; finished in 0.83s

